attention kernels
RANK  KERNEL         STATE            COMPILE  DETAIL
0     flash-attn3    unsupported      -        flash-attn3 serves sm90 only; this executor holds sm100
0     sageattention  served           3m5.3s   -
0     sdpa           ready            -        -
0     sol-attn       compiling (42%)  1m11.8s  -
1     flash-attn3    unsupported      -        flash-attn3 serves sm90 only; this executor holds sm100
1     sageattention  served           3m5.3s   -
1     sdpa           ready            -        -
1     sol-attn       compiling (42%)  1m11.8s  -
